// Jest Snapshot v1, https://goo.gl/fbAQLP

exports[`HomePage.vue shows a page 1`] = `
<div>
  <recent-data-stub categories="[object Object],[object Object]" rooms="[object Object]"></recent-data-stub>
  <chart-summary-stub categories="[object Object],[object Object]" rooms="[object Object]"></chart-summary-stub>
</div>
`;
